// Jest Snapshot v1, https://goo.gl/fbAQLP

exports[`App component renders correctly 1`] = `
<main>
  <div
    class="wrap"
  >
    <h2>
      Please select category that you like
    </h2>
    <div
      class="category-wrapper"
    />
  </div>
</main>
`;
